🏗️ Starting Unified Build Pipeline...
0. Pre-building workspace packages...
1. Building playground OS...
vite v7.2.6 building client environment for production...
transforming...
Browserslist: browsers data (caniuse-lite) is 6 months old. Please run:
  npx update-browserslist-db@latest
  Why you should do it regularly: https://github.com/browserslist/update-db#readme
✓ 319 modules transformed.
rendering chunks...
computing gzip size...
dist/index.html                             1.06 kB │ gzip:   0.64 kB
dist/assets/HardwareSurface-Dcu8sb02.css    1.97 kB │ gzip:   0.67 kB
dist/assets/full-bootstrap-sxITypeF.css    81.89 kB │ gzip:  14.90 kB
dist/assets/index-Ch7BzmIE.css            847.04 kB │ gzip: 125.79 kB
dist/assets/index-Up6ba9MC.js               0.52 kB │ gzip:   0.38 kB │ map:     0.10 kB
dist/assets/bisect-steps-SWMXwBP9.js        0.90 kB │ gzip:   0.54 kB │ map:     2.05 kB
dist/assets/e2e-bridge-CXfPqz0W.js          0.92 kB │ gzip:   0.57 kB │ map:     3.41 kB
dist/assets/index-s2B560Vv.js               3.70 kB │ gzip:   1.42 kB │ map:    13.03 kB
dist/assets/full-bootstrap-1u78WvSM.js      4.06 kB │ gzip:   1.52 kB │ map:    11.38 kB
dist/assets/main-B5x-j6ib.js                5.39 kB │ gzip:   2.29 kB │ map:    11.19 kB
dist/assets/circuitStore-Bt5-BhLn.js        7.10 kB │ gzip:   2.98 kB │ map:    41.83 kB
dist/assets/index-BnJBJpg5.js               7.87 kB │ gzip:   3.03 kB │ map:    29.60 kB
dist/assets/HardwareSurface-Dg7jXTnx.js   101.07 kB │ gzip:  26.11 kB │ map:   319.69 kB
dist/assets/ExportSurface-B5LqhSiO.js     114.00 kB │ gzip:  31.11 kB │ map:   330.57 kB
dist/assets/ImportSurface-_lXAZSGo.js     117.67 kB │ gzip:  32.04 kB │ map:   430.56 kB
dist/assets/client-DBJpVRru.js            180.99 kB │ gzip:  56.95 kB │ map:   865.77 kB
dist/assets/VerifySurface-BawtDQIZ.js     246.17 kB │ gzip:  67.27 kB │ map:   897.88 kB
dist/assets/DesignSurface-CVtbpRyP.js     282.39 kB │ gzip:  75.47 kB │ map: 1,055.63 kB
dist/assets/index-Cc9-MT8F.js             738.68 kB │ gzip: 207.20 kB │ map: 2,588.12 kB
✓ built in 6.48s
✅ Wrote build.json to C:\Users\conno\redbyte-ui-genesis-main\apps\playground\dist\build.json
2. Merging artifacts...
🚀 Merging deployments into unified dist/
⚠️  No root app found — writing canonical public start fallback...
✅ Root public fallback written to dist\index.html
✅ Public start page copied to dist\start.html
📦 Copying OS from C:\Users\conno\redbyte-ui-genesis-main\apps\playground\dist to /os...
✅ Wrote /os/version.json for deploy verification.
✅ Copied build.json to dist\build.json
📦 Explicitly copying unified _redirects to root dist...
📦 Explicitly copying unified _headers to root dist...
✅ Verified: Public start fallback is at root.
✅ Verified: OS IDE index is at /os/.
✨ Merge complete! Deploy the root /dist directory.
3. Verifying distribution...
Verifying static dist artifact...
OK: dist/ exists
OK: dist/index.html exists
OK: dist/start.html exists
OK: dist/build.json exists
OK: dist/index.html has REDBYTE_PUBLIC_ROOT marker
OK: dist/index.html fallback targets /start.html
OK: dist/index.html does not fallback-redirect root to /os/
OK: dist/start.html is the RedByte public start page
OK: dist/start.html states current product truth
OK: dist/start.html links to the IDE at /os/
OK: dist/start.html keeps E0/E1/E2/E3 evidence levels visible
OK: dist/os/ exists
OK: dist/os/index.html exists
OK: dist/os/assets/ exists
OK: dist/os/assets/ contains files
OK: dist/os/index.html is the OS
OK: dist/os/index.html has REDBYTE_OS_IDE marker
OK: dist/os/index.html uses /os assets
OK: dist/os/version.json exists
OK: dist/os/version.json includes sha
OK: dist/os/version.json includes builtAt
OK: dist/_redirects exists
OK: dist/_redirects root redirect sends / to /start.html
OK: dist/_redirects root redirect does not send / to /os/
OK: dist/_redirects normalizes /os to /os/
OK: dist/_headers exists
OK: dist/_headers contains root index cache rule
OK: dist/_headers contains public start page cache rule
OK: dist/_headers contains /os index cache rule
dist/ verification complete. Artifact is valid.
✨ Unified Build Succeeded!
