[authoring-depth] 2026-06-22T16:30:45.160Z 1366x768: reset storage
[authoring-depth] 2026-06-22T16:30:45.184Z 1366x768: project first launch
[authoring-depth] 2026-06-22T16:30:46.046Z 1366x768: build fresh
[authoring-depth] 2026-06-22T16:30:46.526Z 1366x768: partial blank authoring
[authoring-depth] 2026-06-22T16:30:46.567Z 1366x768: wire tool and reload
[authoring-depth] 2026-06-22T16:30:47.194Z 1366x768: project continuity
[authoring-depth] 2026-06-22T16:30:47.411Z 1366x768: half-adder starter
[authoring-depth] 2026-06-22T16:30:48.185Z 1366x768: verify after design edit
[authoring-depth] 2026-06-22T16:31:03.936Z 1366x768: hardware reload
[authoring-depth] 2026-06-22T16:31:05.090Z 1366x768: export reload
[authoring-depth] 2026-06-22T16:31:06.103Z 1366x768: import reload
[authoring-depth] 2026-06-22T16:31:07.773Z 1440x900: reset storage
[authoring-depth] 2026-06-22T16:31:07.793Z 1440x900: project first launch
[authoring-depth] 2026-06-22T16:31:08.588Z 1440x900: build fresh
[authoring-depth] 2026-06-22T16:31:08.979Z 1440x900: partial blank authoring
[authoring-depth] 2026-06-22T16:31:09.015Z 1440x900: wire tool and reload
[authoring-depth] 2026-06-22T16:31:09.640Z 1440x900: project continuity
[authoring-depth] 2026-06-22T16:31:09.828Z 1440x900: half-adder starter
[authoring-depth] 2026-06-22T16:31:10.562Z 1440x900: verify after design edit
[authoring-depth] 2026-06-22T16:31:26.272Z 1440x900: hardware reload
[authoring-depth] 2026-06-22T16:31:27.441Z 1440x900: export reload
[authoring-depth] 2026-06-22T16:31:28.421Z 1440x900: import reload
PASS: IDE authoring depth and release safety satisfied.
